Archive member included to satisfy reference by file (symbol)

/usr/lib/gcc/arm-none-eabi/14.2.1/../../../arm-none-eabi/lib/thumb/v7-m/nofp/libc_nano.a(libc_a-fini.o)
                              /usr/lib/gcc/arm-none-eabi/14.2.1/../../../arm-none-eabi/lib/thumb/v7-m/nofp/crt0.o (__libc_fini_array)
/usr/lib/gcc/arm-none-eabi/14.2.1/../../../arm-none-eabi/lib/thumb/v7-m/nofp/libc_nano.a(libc_a-sprintf.o)
                              build/main.o (sprintf)
/usr/lib/gcc/arm-none-eabi/14.2.1/../../../arm-none-eabi/lib/thumb/v7-m/nofp/libc_nano.a(libc_a-memset.o)
                              /usr/lib/gcc/arm-none-eabi/14.2.1/../../../arm-none-eabi/lib/thumb/v7-m/nofp/crt0.o (memset)
/usr/lib/gcc/arm-none-eabi/14.2.1/../../../arm-none-eabi/lib/thumb/v7-m/nofp/libc_nano.a(libc_a-exit.o)
                              /usr/lib/gcc/arm-none-eabi/14.2.1/../../../arm-none-eabi/lib/thumb/v7-m/nofp/crt0.o (exit)
/usr/lib/gcc/arm-none-eabi/14.2.1/../../../arm-none-eabi/lib/thumb/v7-m/nofp/libc_nano.a(libc_a-atexit.o)
                              /usr/lib/gcc/arm-none-eabi/14.2.1/../../../arm-none-eabi/lib/thumb/v7-m/nofp/crt0.o (atexit)
/usr/lib/gcc/arm-none-eabi/14.2.1/../../../arm-none-eabi/lib/thumb/v7-m/nofp/libc_nano.a(libc_a-init.o)
                              /usr/lib/gcc/arm-none-eabi/14.2.1/../../../arm-none-eabi/lib/thumb/v7-m/nofp/crt0.o (__libc_init_array)
/usr/lib/gcc/arm-none-eabi/14.2.1/../../../arm-none-eabi/lib/thumb/v7-m/nofp/libc_nano.a(libc_a-impure.o)
                              /usr/lib/gcc/arm-none-eabi/14.2.1/../../../arm-none-eabi/lib/thumb/v7-m/nofp/libc_nano.a(libc_a-sprintf.o) (_impure_ptr)
/usr/lib/gcc/arm-none-eabi/14.2.1/../../../arm-none-eabi/lib/thumb/v7-m/nofp/libc_nano.a(libc_a-findfp.o)
                              /usr/lib/gcc/arm-none-eabi/14.2.1/../../../arm-none-eabi/lib/thumb/v7-m/nofp/libc_nano.a(libc_a-exit.o) (__stdio_exit_handler)
/usr/lib/gcc/arm-none-eabi/14.2.1/../../../arm-none-eabi/lib/thumb/v7-m/nofp/libc_nano.a(libc_a-fflush.o)
                              /usr/lib/gcc/arm-none-eabi/14.2.1/../../../arm-none-eabi/lib/thumb/v7-m/nofp/libc_nano.a(libc_a-findfp.o) (_fflush_r)
/usr/lib/gcc/arm-none-eabi/14.2.1/../../../arm-none-eabi/lib/thumb/v7-m/nofp/libc_nano.a(libc_a-nano-svfprintf.o)
                              /usr/lib/gcc/arm-none-eabi/14.2.1/../../../arm-none-eabi/lib/thumb/v7-m/nofp/libc_nano.a(libc_a-sprintf.o) (_svfprintf_r)
/usr/lib/gcc/arm-none-eabi/14.2.1/../../../arm-none-eabi/lib/thumb/v7-m/nofp/libc_nano.a(libc_a-memmove.o)
                              /usr/lib/gcc/arm-none-eabi/14.2.1/../../../arm-none-eabi/lib/thumb/v7-m/nofp/libc_nano.a(libc_a-nano-svfprintf.o) (memmove)
/usr/lib/gcc/arm-none-eabi/14.2.1/../../../arm-none-eabi/lib/thumb/v7-m/nofp/libc_nano.a(libc_a-fwalk.o)
                              /usr/lib/gcc/arm-none-eabi/14.2.1/../../../arm-none-eabi/lib/thumb/v7-m/nofp/libc_nano.a(libc_a-findfp.o) (_fwalk_sglue)
/usr/lib/gcc/arm-none-eabi/14.2.1/../../../arm-none-eabi/lib/thumb/v7-m/nofp/libc_nano.a(libc_a-stdio.o)
                              /usr/lib/gcc/arm-none-eabi/14.2.1/../../../arm-none-eabi/lib/thumb/v7-m/nofp/libc_nano.a(libc_a-findfp.o) (__sread)
/usr/lib/gcc/arm-none-eabi/14.2.1/../../../arm-none-eabi/lib/thumb/v7-m/nofp/libc_nano.a(libc_a-mallocr.o)
                              /usr/lib/gcc/arm-none-eabi/14.2.1/../../../arm-none-eabi/lib/thumb/v7-m/nofp/libc_nano.a(libc_a-findfp.o) (_malloc_r)
/usr/lib/gcc/arm-none-eabi/14.2.1/../../../arm-none-eabi/lib/thumb/v7-m/nofp/libc_nano.a(libc_a-readr.o)
                              /usr/lib/gcc/arm-none-eabi/14.2.1/../../../arm-none-eabi/lib/thumb/v7-m/nofp/libc_nano.a(libc_a-stdio.o) (_read_r)
/usr/lib/gcc/arm-none-eabi/14.2.1/../../../arm-none-eabi/lib/thumb/v7-m/nofp/libc_nano.a(libc_a-freer.o)
                              /usr/lib/gcc/arm-none-eabi/14.2.1/../../../arm-none-eabi/lib/thumb/v7-m/nofp/libc_nano.a(libc_a-fflush.o) (_free_r)
/usr/lib/gcc/arm-none-eabi/14.2.1/../../../arm-none-eabi/lib/thumb/v7-m/nofp/libc_nano.a(libc_a-closer.o)
                              /usr/lib/gcc/arm-none-eabi/14.2.1/../../../arm-none-eabi/lib/thumb/v7-m/nofp/libc_nano.a(libc_a-stdio.o) (_close_r)
/usr/lib/gcc/arm-none-eabi/14.2.1/../../../arm-none-eabi/lib/thumb/v7-m/nofp/libc_nano.a(libc_a-lseekr.o)
                              /usr/lib/gcc/arm-none-eabi/14.2.1/../../../arm-none-eabi/lib/thumb/v7-m/nofp/libc_nano.a(libc_a-stdio.o) (_lseek_r)
/usr/lib/gcc/arm-none-eabi/14.2.1/../../../arm-none-eabi/lib/thumb/v7-m/nofp/libc_nano.a(libc_a-__atexit.o)
                              /usr/lib/gcc/arm-none-eabi/14.2.1/../../../arm-none-eabi/lib/thumb/v7-m/nofp/libc_nano.a(libc_a-atexit.o) (__register_exitproc)
/usr/lib/gcc/arm-none-eabi/14.2.1/../../../arm-none-eabi/lib/thumb/v7-m/nofp/libc_nano.a(libc_a-reent.o)
                              /usr/lib/gcc/arm-none-eabi/14.2.1/../../../arm-none-eabi/lib/thumb/v7-m/nofp/libc_nano.a(libc_a-readr.o) (errno)
[...]
Memory Configuration

Name             Origin             Length             Attributes
RAM              0x20000000         0x00005000         xrw
FLASH            0x08000000         0x00010000         xr
*default*        0x00000000         0xffffffff

Linker script and memory map

LOAD /usr/lib/gcc/arm-none-eabi/14.2.1/thumb/v7-m/nofp/crti.o
LOAD /usr/lib/gcc/arm-none-eabi/14.2.1/thumb/v7-m/nofp/crtbegin.o
LOAD /usr/lib/gcc/arm-none-eabi/14.2.1/../../../arm-none-eabi/lib/thumb/v7-m/nofp/crt0.o
LOAD build/main.o
LOAD build/stm32f1xx_it.o
LOAD build/system_stm32f1xx.o
LOAD build/startup_stm32f103xb.o
START GROUP
LOAD /usr/lib/gcc/arm-none-eabi/14.2.1/thumb/v7-m/nofp/libgcc.a
LOAD /usr/lib/gcc/arm-none-eabi/14.2.1/../../../arm-none-eabi/lib/thumb/v7-m/nofp/libc_nano.a
END GROUP
START GROUP
LOAD /usr/lib/gcc/arm-none-eabi/14.2.1/thumb/v7-m/nofp/libgcc.a
LOAD /usr/lib/gcc/arm-none-eabi/14.2.1/../../../arm-none-eabi/lib/thumb/v7-m/nofp/libc_nano.a
LOAD /usr/lib/gcc/arm-none-eabi/14.2.1/../../../arm-none-eabi/lib/thumb/v7-m/nofp/libnosys.a
END GROUP
START GROUP
LOAD /usr/lib/gcc/arm-none-eabi/14.2.1/thumb/v7-m/nofp/libgcc.a
LOAD /usr/lib/gcc/arm-none-eabi/14.2.1/../../../arm-none-eabi/lib/thumb/v7-m/nofp/libc_nano.a
LOAD /usr/lib/gcc/arm-none-eabi/14.2.1/../../../arm-none-eabi/lib/thumb/v7-m/nofp/libnosys.a
END GROUP
LOAD /usr/lib/gcc/arm-none-eabi/14.2.1/thumb/v7-m/nofp/crtend.o
LOAD /usr/lib/gcc/arm-none-eabi/14.2.1/thumb/v7-m/nofp/crtn.o
                0x20005000                        _estack = (ORIGIN (RAM) + LENGTH (RAM))

.isr_vector     0x08000000       0x40
                0x08000000                        . = ALIGN (0x4)
 *(.isr_vector)
 .isr_vector    0x08000000       0x40 build/startup_stm32f103xb.o
                0x08000000                g_pfnVectors
                0x08000040                        . = ALIGN (0x4)

.text           0x08000040      0xf0c
                0x08000040                        . = ALIGN (0x4)
 *(.text)
 .text          0x08000040       0x80 /usr/lib/gcc/arm-none-eabi/14.2.1/../../../arm-none-eabi/lib/thumb/v7-m/nofp/libc_nano.a(libc_a-sprintf.o)
                0x08000040                _siprintf_r
                0x08000040                _sprintf_r
                0x0800007c                sprintf
                0x0800007c                siprintf
 .text          0x080000c0      0x3fc /usr/lib/gcc/arm-none-eabi/14.2.1/../../../arm-none-eabi/lib/thumb/v7-m/nofp/libc_nano.a(libc_a-nano-svfprintf.o)
                0x080000c0                __ssputs_r
                0x08000180                __ssprint_r
                0x08000290                _svfprintf_r
                0x08000290                _svfiprintf_r
 .text          0x080004bc      0x130 /usr/lib/gcc/arm-none-eabi/14.2.1/../../../arm-none-eabi/lib/thumb/v7-m/nofp/libc_nano.a(libc_a-memmove.o)
                0x080004bc                memmove
 .text          0x080005ec      0x14c /usr/lib/gcc/arm-none-eabi/14.2.1/../../../arm-none-eabi/lib/thumb/v7-m/nofp/libc_nano.a(libc_a-mallocr.o)
                0x08000638                _malloc_r
 .text          0x08000738       0xbc /usr/lib/gcc/arm-none-eabi/14.2.1/../../../arm-none-eabi/lib/thumb/v7-m/nofp/libc_nano.a(libc_a-freer.o)
                0x08000738                _free_r
 .text          0x080007f4       0x64 /usr/lib/gcc/arm-none-eabi/14.2.1/../../../arm-none-eabi/lib/thumb/v7-m/nofp/libc_nano.a(libc_a-reallocr.o)
                0x080007f4                _realloc_r
 .text          0x08000858        0x8 /usr/lib/gcc/arm-none-eabi/14.2.1/../../../arm-none-eabi/lib/thumb/v7-m/nofp/libc_nano.a(libc_a-mlock.o)
                0x08000858                __malloc_lock
                0x0800085c                __malloc_unlock
 .text          0x08000860       0x80 /usr/lib/gcc/arm-none-eabi/14.2.1/../../../arm-none-eabi/lib/thumb/v7-m/nofp/libc_nano.a(libc_a-memchr-stub.o)
                0x08000860                memchr
 .text          0x080008e0       0xec /usr/lib/gcc/arm-none-eabi/14.2.1/../../../arm-none-eabi/lib/thumb/v7-m/nofp/libc_nano.a(libc_a-memcpy.o)
                0x080008e0                memcpy
 .text          0x080009cc      0x3b0 /usr/lib/gcc/arm-none-eabi/14.2.1/../../../arm-none-eabi/lib/thumb/v7-m/nofp/libc_nano.a(libc_a-nano-vfprintf_i.o)
                0x080009cc                _printf_common
                0x08000af0                _printf_i
 .text          0x08000d7c       0x10 /usr/lib/gcc/arm-none-eabi/14.2.1/../../../arm-none-eabi/lib/thumb/v7-m/nofp/libc_nano.a(libc_a-msizer.o)
                0x08000d7c                _malloc_usable_size_r
 .text          0x08000d8c       0x24 /usr/lib/gcc/arm-none-eabi/14.2.1/../../../arm-none-eabi/lib/thumb/v7-m/nofp/libc_nano.a(libc_a-sbrkr.o)
                0x08000d8c                _sbrk_r
 *(.text*)
 .text.System_Init
                0x08000db0       0x88 build/main.o
                0x08000db0                System_Init
 .text.startup.main
                0x08000e38       0x88 build/main.o
                0x08000e38                main
 .text.SysTick_Handler
                0x08000ec0        0x4 build/stm32f1xx_it.o
                0x08000ec0                SysTick_Handler
 .text.SystemInit
                0x08000ec4        0x4 build/system_stm32f1xx.o
                0x08000ec4                SystemInit
 .text._sbrk    0x08000ec8       0x1c build/system_stm32f1xx.o
                0x08000ec8                _sbrk
 .text.Reset_Handler
                0x08000ee4       0x50 build/startup_stm32f103xb.o
                0x08000ee4                Reset_Handler
 *(.glue_7)
 .glue_7        0x08000f34        0x0 linker stubs
 *(.glue_7t)
 .glue_7t       0x08000f34        0x0 linker stubs
 *(.eh_frame)
 *(.init)
 .init          0x08000f34        0x4 /usr/lib/gcc/arm-none-eabi/14.2.1/thumb/v7-m/nofp/crti.o
                0x08000f34                _init
 .init          0x08000f38        0x8 /usr/lib/gcc/arm-none-eabi/14.2.1/thumb/v7-m/nofp/crtn.o
 *(.fini)
 .fini          0x08000f40        0x4 /usr/lib/gcc/arm-none-eabi/14.2.1/thumb/v7-m/nofp/crti.o
                0x08000f40                _fini
 .fini          0x08000f44        0x8 /usr/lib/gcc/arm-none-eabi/14.2.1/thumb/v7-m/nofp/crtn.o
                0x08000f4c                        . = ALIGN (0x4)
                0x08000f4c                        _etext = .

.vfp11_veneer   0x08000f4c        0x0
 .vfp11_veneer  0x08000f4c        0x0 linker stubs

.v4_bx          0x08000f4c        0x0
 .v4_bx         0x08000f4c        0x0 linker stubs

.iplt           0x08000f4c        0x0
 .iplt          0x08000f4c        0x0 build/main.o

.rodata         0x08000f4c       0x78
                0x08000f4c                        . = ALIGN (0x4)
 *(.rodata)
 *(.rodata*)
 .rodata.main.str1.4
                0x08000f4c       0x75 build/main.o
                                 0x3b (size before relaxing)
 .rodata.str1.4
                0x08000fc1        0x0 /usr/lib/gcc/arm-none-eabi/14.2.1/../../../arm-none-eabi/lib/thumb/v7-m/nofp/libc_nano.a(libc_a-nano-svfprintf.o)
                                 0x13 (size before relaxing)
 .rodata.str1.4
                0x08000fc1        0x0 /usr/lib/gcc/arm-none-eabi/14.2.1/../../../arm-none-eabi/lib/thumb/v7-m/nofp/libc_nano.a(libc_a-nano-vfprintf_i.o)
                                 0x25 (size before relaxing)
                0x08000fc4                        . = ALIGN (0x4)
 *fill*         0x08000fc1        0x3 
                0x08000fcc                        _sidata = LOADADDR (.data)

.ARM.exidx      0x08000fc4        0x8
 .ARM.exidx     0x08000fc4        0x8 /usr/lib/gcc/arm-none-eabi/14.2.1/../../../arm-none-eabi/lib/thumb/v7-m/nofp/libc_nano.a(libc_a-memcpy.o)

.rel.dyn        0x08000fcc        0x0
 .rel.iplt      0x08000fcc        0x0 build/main.o

.data           0x20000000       0x50 load address 0x08000fcc
                0x20000000                        . = ALIGN (0x4)
                0x20000000                        _sdata = .
 *(.data)
 .data          0x20000000       0x50 /usr/lib/gcc/arm-none-eabi/14.2.1/../../../arm-none-eabi/lib/thumb/v7-m/nofp/libc_nano.a(libc_a-impure.o)
                0x20000000                _impure_ptr
                0x20000004                _impure_data
 *(.data*)
                0x20000050                        . = ALIGN (0x4)
                0x20000050                        _edata = .

.igot.plt       0x20000050        0x0 load address 0x0800101c
 .igot.plt      0x20000050        0x0 build/main.o

.bss            0x20000050      0x1b0 load address 0x0800101c
                0x20000050                        . = ALIGN (0x4)
                0x20000050                        _sbss = .
                0x20000050                        __bss_start__ = _sbss
 *(.bss)
 .bss           0x20000050      0x13c /usr/lib/gcc/arm-none-eabi/14.2.1/../../../arm-none-eabi/lib/thumb/v7-m/nofp/libc_nano.a(libc_a-findfp.o)
                0x20000050                __sf
                0x20000188                __stdio_exit_handler
 .bss           0x2000018c        0x8 /usr/lib/gcc/arm-none-eabi/14.2.1/../../../arm-none-eabi/lib/thumb/v7-m/nofp/libc_nano.a(libc_a-mallocr.o)
                0x2000018c                __malloc_sbrk_start
                0x20000190                __malloc_free_list
 .bss           0x20000194        0x4 /usr/lib/gcc/arm-none-eabi/14.2.1/../../../arm-none-eabi/lib/thumb/v7-m/nofp/libc_nano.a(libc_a-reent.o)
                0x20000194                errno
 *(.bss*)
 .bss.tx_buffer
                0x20000198       0x64 build/main.o
                0x20000198                tx_buffer
 .bss.heap_end.0
                0x200001fc        0x4 build/system_stm32f1xx.o
 *(COMMON)
                0x20000200                        . = ALIGN (0x4)
                0x20000200                        _ebss = .
                0x20000200                        __bss_end__ = _ebss

._user_heap_stack
                0x20000200      0x600 load address 0x0800101c
                0x20000200                        . = ALIGN (0x8)
                [!provide]                        PROVIDE (end = .)
                0x20000200                        PROVIDE (_end = .)
                0x20000600                        . = (. + 0x400)
 *fill*         0x20000200      0x400 
                0x20000800                        . = (. + 0x200)
 *fill*         0x20000600      0x200 
                0x20000800                        . = ALIGN (0x8)
OUTPUT(build/bai3_tuan3.elf elf32-littlearm)
LOAD linker stubs

.ARM.attributes
                0x00000000       0x29
 .ARM.attributes
                0x00000000       0x1d /usr/lib/gcc/arm-none-eabi/14.2.1/thumb/v7-m/nofp/crti.o
 .ARM.attributes
                0x0000001d       0x2d build/main.o
 .ARM.attributes
                0x0000004a       0x2d build/stm32f1xx_it.o
 .ARM.attributes
                0x00000077       0x2d build/system_stm32f1xx.o
 .ARM.attributes
                0x000000a4       0x21 build/startup_stm32f103xb.o
 .ARM.attributes
                0x000000c5       0x2d /usr/lib/gcc/arm-none-eabi/14.2.1/../../../arm-none-eabi/lib/thumb/v7-m/nofp/libc_nano.a(libc_a-sprintf.o)
 .ARM.attributes
                0x000000f2       0x2d /usr/lib/gcc/arm-none-eabi/14.2.1/../../../arm-none-eabi/lib/thumb/v7-m/nofp/libc_nano.a(libc_a-impure.o)
 .ARM.attributes
                0x0000011f       0x2d /usr/lib/gcc/arm-none-eabi/14.2.1/../../../arm-none-eabi/lib/thumb/v7-m/nofp/libc_nano.a(libc_a-findfp.o)
 .ARM.attributes
                0x0000014c       0x2d /usr/lib/gcc/arm-none-eabi/14.2.1/../../../arm-none-eabi/lib/thumb/v7-m/nofp/libc_nano.a(libc_a-nano-svfprintf.o)
 .ARM.attributes
                0x00000179       0x2d /usr/lib/gcc/arm-none-eabi/14.2.1/../../../arm-none-eabi/lib/thumb/v7-m/nofp/libc_nano.a(libc_a-memmove.o)
 .ARM.attributes
                0x000001a6       0x2d /usr/lib/gcc/arm-none-eabi/14.2.1/../../../arm-none-eabi/lib/thumb/v7-m/nofp/libc_nano.a(libc_a-mallocr.o)
 .ARM.attributes
                0x000001d3       0x2d /usr/lib/gcc/arm-none-eabi/14.2.1/../../../arm-none-eabi/lib/thumb/v7-m/nofp/libc_nano.a(libc_a-freer.o)
 .ARM.attributes
                0x00000200       0x2d /usr/lib/gcc/arm-none-eabi/14.2.1/../../../arm-none-eabi/lib/thumb/v7-m/nofp/libc_nano.a(libc_a-reent.o)
 .ARM.attributes
                0x0000022d       0x2d /usr/lib/gcc/arm-none-eabi/14.2.1/../../../arm-none-eabi/lib/thumb/v7-m/nofp/libc_nano.a(libc_a-reallocr.o)
 .ARM.attributes
                0x0000025a       0x2d /usr/lib/gcc/arm-none-eabi/14.2.1/../../../arm-none-eabi/lib/thumb/v7-m/nofp/libc_nano.a(libc_a-mlock.o)
 .ARM.attributes
                0x00000287       0x2d /usr/lib/gcc/arm-none-eabi/14.2.1/../../../arm-none-eabi/lib/thumb/v7-m/nofp/libc_nano.a(libc_a-memchr-stub.o)
 .ARM.attributes
                0x000002b4       0x1b /usr/lib/gcc/arm-none-eabi/14.2.1/../../../arm-none-eabi/lib/thumb/v7-m/nofp/libc_nano.a(libc_a-memcpy.o)
 .ARM.attributes
                0x000002cf       0x2d /usr/lib/gcc/arm-none-eabi/14.2.1/../../../arm-none-eabi/lib/thumb/v7-m/nofp/libc_nano.a(libc_a-nano-vfprintf_i.o)
 .ARM.attributes
                0x000002fc       0x2d /usr/lib/gcc/arm-none-eabi/14.2.1/../../../arm-none-eabi/lib/thumb/v7-m/nofp/libc_nano.a(libc_a-msizer.o)
 .ARM.attributes
                0x00000329       0x2d /usr/lib/gcc/arm-none-eabi/14.2.1/../../../arm-none-eabi/lib/thumb/v7-m/nofp/libc_nano.a(libc_a-sbrkr.o)
 .ARM.attributes
                0x00000356       0x1d /usr/lib/gcc/arm-none-eabi/14.2.1/thumb/v7-m/nofp/crtn.o

.comment        0x00000000       0x26
 .comment       0x00000000       0x26 build/main.o
                                 0x27 (size before relaxing)
 .comment       0x00000026        0x0 build/stm32f1xx_it.o
                                 0x27 (size before relaxing)
 .comment       0x00000026        0x0 build/system_stm32f1xx.o
                                 0x27 (size before relaxing)
 .comment       0x00000026        0x0 /usr/lib/gcc/arm-none-eabi/14.2.1/../../../arm-none-eabi/lib/thumb/v7-m/nofp/libc_nano.a(libc_a-sprintf.o)
                                 0x27 (size before relaxing)
 .comment       0x00000026        0x0 /usr/lib/gcc/arm-none-eabi/14.2.1/../../../arm-none-eabi/lib/thumb/v7-m/nofp/libc_nano.a(libc_a-impure.o)
                                 0x27 (size before relaxing)
 .comment       0x00000026        0x0 /usr/lib/gcc/arm-none-eabi/14.2.1/../../../arm-none-eabi/lib/thumb/v7-m/nofp/libc_nano.a(libc_a-findfp.o)
                                 0x27 (size before relaxing)
 .comment       0x00000026        0x0 /usr/lib/gcc/arm-none-eabi/14.2.1/../../../arm-none-eabi/lib/thumb/v7-m/nofp/libc_nano.a(libc_a-nano-svfprintf.o)
                                 0x27 (size before relaxing)
 .comment       0x00000026        0x0 /usr/lib/gcc/arm-none-eabi/14.2.1/../../../arm-none-eabi/lib/thumb/v7-m/nofp/libc_nano.a(libc_a-memmove.o)
                                 0x27 (size before relaxing)
 .comment       0x00000026        0x0 /usr/lib/gcc/arm-none-eabi/14.2.1/../../../arm-none-eabi/lib/thumb/v7-m/nofp/libc_nano.a(libc_a-mallocr.o)
                                 0x27 (size before relaxing)
 .comment       0x00000026        0x0 /usr/lib/gcc/arm-none-eabi/14.2.1/../../../arm-none-eabi/lib/thumb/v7-m/nofp/libc_nano.a(libc_a-freer.o)
                                 0x27 (size before relaxing)
 .comment       0x00000026        0x0 /usr/lib/gcc/arm-none-eabi/14.2.1/../../../arm-none-eabi/lib/thumb/v7-m/nofp/libc_nano.a(libc_a-reent.o)
                                 0x27 (size before relaxing)
 .comment       0x00000026        0x0 /usr/lib/gcc/arm-none-eabi/14.2.1/../../../arm-none-eabi/lib/thumb/v7-m/nofp/libc_nano.a(libc_a-reallocr.o)
                                 0x27 (size before relaxing)
 .comment       0x00000026        0x0 /usr/lib/gcc/arm-none-eabi/14.2.1/../../../arm-none-eabi/lib/thumb/v7-m/nofp/libc_nano.a(libc_a-mlock.o)
                                 0x27 (size before relaxing)
 .comment       0x00000026        0x0 /usr/lib/gcc/arm-none-eabi/14.2.1/../../../arm-none-eabi/lib/thumb/v7-m/nofp/libc_nano.a(libc_a-memchr-stub.o)
                                 0x27 (size before relaxing)
 .comment       0x00000026        0x0 /usr/lib/gcc/arm-none-eabi/14.2.1/../../../arm-none-eabi/lib/thumb/v7-m/nofp/libc_nano.a(libc_a-nano-vfprintf_i.o)
                                 0x27 (size before relaxing)
 .comment       0x00000026        0x0 /usr/lib/gcc/arm-none-eabi/14.2.1/../../../arm-none-eabi/lib/thumb/v7-m/nofp/libc_nano.a(libc_a-msizer.o)
                                 0x27 (size before relaxing)
 .comment       0x00000026        0x0 /usr/lib/gcc/arm-none-eabi/14.2.1/../../../arm-none-eabi/lib/thumb/v7-m/nofp/libc_nano.a(libc_a-sbrkr.o)
                                 0x27 (size before relaxing)

.debug_info     0x00000000     0x78fe
 .debug_info    0x00000000      0x87b /usr/lib/gcc/arm-none-eabi/14.2.1/../../../arm-none-eabi/lib/thumb/v7-m/nofp/libc_nano.a(libc_a-sprintf.o)
 .debug_info    0x0000087b      0x70b /usr/lib/gcc/arm-none-eabi/14.2.1/../../../arm-none-eabi/lib/thumb/v7-m/nofp/libc_nano.a(libc_a-impure.o)
 .debug_info    0x00000f86      0xe8c /usr/lib/gcc/arm-none-eabi/14.2.1/../../../arm-none-eabi/lib/thumb/v7-m/nofp/libc_nano.a(libc_a-findfp.o)
 .debug_info    0x00001e12     0x1097 /usr/lib/gcc/arm-none-eabi/14.2.1/../../../arm-none-eabi/lib/thumb/v7-m/nofp/libc_nano.a(libc_a-nano-svfprintf.o)
 .debug_info    0x00002ea9      0x148 /usr/lib/gcc/arm-none-eabi/14.2.1/../../../arm-none-eabi/lib/thumb/v7-m/nofp/libc_nano.a(libc_a-memmove.o)
 .debug_info    0x00002ff1      0x9b6 /usr/lib/gcc/arm-none-eabi/14.2.1/../../../arm-none-eabi/lib/thumb/v7-m/nofp/libc_nano.a(libc_a-mallocr.o)
 .debug_info    0x000039a7      0x87f /usr/lib/gcc/arm-none-eabi/14.2.1/../../../arm-none-eabi/lib/thumb/v7-m/nofp/libc_nano.a(libc_a-freer.o)
 .debug_info    0x00004226      0x89f /usr/lib/gcc/arm-none-eabi/14.2.1/../../../arm-none-eabi/lib/thumb/v7-m/nofp/libc_nano.a(libc_a-reent.o)
 .debug_info    0x00004ac5      0x8cd /usr/lib/gcc/arm-none-eabi/14.2.1/../../../arm-none-eabi/lib/thumb/v7-m/nofp/libc_nano.a(libc_a-reallocr.o)
 .debug_info    0x00005392      0x71c /usr/lib/gcc/arm-none-eabi/14.2.1/../../../arm-none-eabi/lib/thumb/v7-m/nofp/libc_nano.a(libc_a-mlock.o)
 .debug_info    0x00005aae      0x144 /usr/lib/gcc/arm-none-eabi/14.2.1/../../../arm-none-eabi/lib/thumb/v7-m/nofp/libc_nano.a(libc_a-memchr-stub.o)
 .debug_info    0x00005bf2       0x33 /usr/lib/gcc/arm-none-eabi/14.2.1/../../../arm-none-eabi/lib/thumb/v7-m/nofp/libc_nano.a(libc_a-memcpy.o)
 .debug_info    0x00005c25      0xdd7 /usr/lib/gcc/arm-none-eabi/14.2.1/../../../arm-none-eabi/lib/thumb/v7-m/nofp/libc_nano.a(libc_a-nano-vfprintf_i.o)
 .debug_info    0x000069fc      0x78a /usr/lib/gcc/arm-none-eabi/14.2.1/../../../arm-none-eabi/lib/thumb/v7-m/nofp/libc_nano.a(libc_a-msizer.o)
 .debug_info    0x00007186      0x778 /usr/lib/gcc/arm-none-eabi/14.2.1/../../../arm-none-eabi/lib/thumb/v7-m/nofp/libc_nano.a(libc_a-sbrkr.o)

.debug_abbrev   0x00000000     0x1c72
 .debug_abbrev  0x00000000      0x21c /usr/lib/gcc/arm-none-eabi/14.2.1/../../../arm-none-eabi/lib/thumb/v7-m/nofp/libc_nano.a(libc_a-sprintf.o)
 .debug_abbrev  0x0000021c      0x149 /usr/lib/gcc/arm-none-eabi/14.2.1/../../../arm-none-eabi/lib/thumb/v7-m/nofp/libc_nano.a(libc_a-impure.o)
 .debug_abbrev  0x00000365      0x408 /usr/lib/gcc/arm-none-eabi/14.2.1/../../../arm-none-eabi/lib/thumb/v7-m/nofp/libc_nano.a(libc_a-findfp.o)
 .debug_abbrev  0x0000076d      0x32f /usr/lib/gcc/arm-none-eabi/14.2.1/../../../arm-none-eabi/lib/thumb/v7-m/nofp/libc_nano.a(libc_a-nano-svfprintf.o)
 .debug_abbrev  0x00000a9c       0xc3 /usr/lib/gcc/arm-none-eabi/14.2.1/../../../arm-none-eabi/lib/thumb/v7-m/nofp/libc_nano.a(libc_a-memmove.o)
 .debug_abbrev  0x00000b5f      0x24a /usr/lib/gcc/arm-none-eabi/14.2.1/../../../arm-none-eabi/lib/thumb/v7-m/nofp/libc_nano.a(libc_a-mallocr.o)
 .debug_abbrev  0x00000da9      0x249 /usr/lib/gcc/arm-none-eabi/14.2.1/../../../arm-none-eabi/lib/thumb/v7-m/nofp/libc_nano.a(libc_a-freer.o)
 .debug_abbrev  0x00000ff2      0x1ee /usr/lib/gcc/arm-none-eabi/14.2.1/../../../arm-none-eabi/lib/thumb/v7-m/nofp/libc_nano.a(libc_a-reent.o)
 .debug_abbrev  0x000011e0      0x20c /usr/lib/gcc/arm-none-eabi/14.2.1/../../../arm-none-eabi/lib/thumb/v7-m/nofp/libc_nano.a(libc_a-reallocr.o)
 .debug_abbrev  0x000013ec      0x192 /usr/lib/gcc/arm-none-eabi/14.2.1/../../../arm-none-eabi/lib/thumb/v7-m/nofp/libc_nano.a(libc_a-mlock.o)
 .debug_abbrev  0x0000157e       0xd8 /usr/lib/gcc/arm-none-eabi/14.2.1/../../../arm-none-eabi/lib/thumb/v7-m/nofp/libc_nano.a(libc_a-memchr-stub.o)
 .debug_abbrev  0x00001656       0x28 /usr/lib/gcc/arm-none-eabi/14.2.1/../../../arm-none-eabi/lib/thumb/v7-m/nofp/libc_nano.a(libc_a-memcpy.o)
 .debug_abbrev  0x0000167e      0x284 /usr/lib/gcc/arm-none-eabi/14.2.1/../../../arm-none-eabi/lib/thumb/v7-m/nofp/libc_nano.a(libc_a-nano-vfprintf_i.o)
 .debug_abbrev  0x00001902      0x196 /usr/lib/gcc/arm-none-eabi/14.2.1/../../../arm-none-eabi/lib/thumb/v7-m/nofp/libc_nano.a(libc_a-msizer.o)
 .debug_abbrev  0x00001a98      0x1da /usr/lib/gcc/arm-none-eabi/14.2.1/../../../arm-none-eabi/lib/thumb/v7-m/nofp/libc_nano.a(libc_a-sbrkr.o)

.debug_loclists
                0x00000000     0x15e4
 .debug_loclists
                0x00000000       0x74 /usr/lib/gcc/arm-none-eabi/14.2.1/../../../arm-none-eabi/lib/thumb/v7-m/nofp/libc_nano.a(libc_a-sprintf.o)
 .debug_loclists
                0x00000074      0x1d0 /usr/lib/gcc/arm-none-eabi/14.2.1/../../../arm-none-eabi/lib/thumb/v7-m/nofp/libc_nano.a(libc_a-findfp.o)
 .debug_loclists
                0x00000244      0x4e8 /usr/lib/gcc/arm-none-eabi/14.2.1/../../../arm-none-eabi/lib/thumb/v7-m/nofp/libc_nano.a(libc_a-nano-svfprintf.o)
 .debug_loclists
                0x0000072c      0x37b /usr/lib/gcc/arm-none-eabi/14.2.1/../../../arm-none-eabi/lib/thumb/v7-m/nofp/libc_nano.a(libc_a-memmove.o)
 .debug_loclists
                0x00000aa7      0x273 /usr/lib/gcc/arm-none-eabi/14.2.1/../../../arm-none-eabi/lib/thumb/v7-m/nofp/libc_nano.a(libc_a-mallocr.o)
 .debug_loclists
                0x00000d1a      0x164 /usr/lib/gcc/arm-none-eabi/14.2.1/../../../arm-none-eabi/lib/thumb/v7-m/nofp/libc_nano.a(libc_a-freer.o)
 .debug_loclists
                0x00000e7e       0x80 /usr/lib/gcc/arm-none-eabi/14.2.1/../../../arm-none-eabi/lib/thumb/v7-m/nofp/libc_nano.a(libc_a-reent.o)
 .debug_loclists
                0x00000efe      0x102 /usr/lib/gcc/arm-none-eabi/14.2.1/../../../arm-none-eabi/lib/thumb/v7-m/nofp/libc_nano.a(libc_a-reallocr.o)
 .debug_loclists
                0x00001000       0xfe /usr/lib/gcc/arm-none-eabi/14.2.1/../../../arm-none-eabi/lib/thumb/v7-m/nofp/libc_nano.a(libc_a-memchr-stub.o)
 .debug_loclists
                0x000010fe      0x442 /usr/lib/gcc/arm-none-eabi/14.2.1/../../../arm-none-eabi/lib/thumb/v7-m/nofp/libc_nano.a(libc_a-nano-vfprintf_i.o)
 .debug_loclists
                0x00001540       0x59 /usr/lib/gcc/arm-none-eabi/14.2.1/../../../arm-none-eabi/lib/thumb/v7-m/nofp/libc_nano.a(libc_a-msizer.o)
 .debug_loclists
                0x00001599       0x4b /usr/lib/gcc/arm-none-eabi/14.2.1/../../../arm-none-eabi/lib/thumb/v7-m/nofp/libc_nano.a(libc_a-sbrkr.o)

.debug_aranges  0x00000000      0x1d8
 .debug_aranges
                0x00000000       0x20 /usr/lib/gcc/arm-none-eabi/14.2.1/../../../arm-none-eabi/lib/thumb/v7-m/nofp/libc_nano.a(libc_a-sprintf.o)
 .debug_aranges
                0x00000020       0x18 /usr/lib/gcc/arm-none-eabi/14.2.1/../../../arm-none-eabi/lib/thumb/v7-m/nofp/libc_nano.a(libc_a-impure.o)
 .debug_aranges
                0x00000038       0x20 /usr/lib/gcc/arm-none-eabi/14.2.1/../../../arm-none-eabi/lib/thumb/v7-m/nofp/libc_nano.a(libc_a-findfp.o)
 .debug_aranges
                0x00000058       0x20 /usr/lib/gcc/arm-none-eabi/14.2.1/../../../arm-none-eabi/lib/thumb/v7-m/nofp/libc_nano.a(libc_a-nano-svfprintf.o)
 .debug_aranges
                0x00000078       0x20 /usr/lib/gcc/arm-none-eabi/14.2.1/../../../arm-none-eabi/lib/thumb/v7-m/nofp/libc_nano.a(libc_a-memmove.o)
 .debug_aranges
                0x00000098       0x20 /usr/lib/gcc/arm-none-eabi/14.2.1/../../../arm-none-eabi/lib/thumb/v7-m/nofp/libc_nano.a(libc_a-mallocr.o)
 .debug_aranges
                0x000000b8       0x20 /usr/lib/gcc/arm-none-eabi/14.2.1/../../../arm-none-eabi/lib/thumb/v7-m/nofp/libc_nano.a(libc_a-freer.o)
 .debug_aranges
                0x000000d8       0x20 /usr/lib/gcc/arm-none-eabi/14.2.1/../../../arm-none-eabi/lib/thumb/v7-m/nofp/libc_nano.a(libc_a-reent.o)
 .debug_aranges
                0x000000f8       0x20 /usr/lib/gcc/arm-none-eabi/14.2.1/../../../arm-none-eabi/lib/thumb/v7-m/nofp/libc_nano.a(libc_a-reallocr.o)
 .debug_aranges
                0x00000118       0x20 /usr/lib/gcc/arm-none-eabi/14.2.1/../../../arm-none-eabi/lib/thumb/v7-m/nofp/libc_nano.a(libc_a-mlock.o)
 .debug_aranges
                0x00000138       0x20 /usr/lib/gcc/arm-none-eabi/14.2.1/../../../arm-none-eabi/lib/thumb/v7-m/nofp/libc_nano.a(libc_a-memchr-stub.o)
 .debug_aranges
                0x00000158       0x20 /usr/lib/gcc/arm-none-eabi/14.2.1/../../../arm-none-eabi/lib/thumb/v7-m/nofp/libc_nano.a(libc_a-memcpy.o)
 .debug_aranges
                0x00000178       0x20 /usr/lib/gcc/arm-none-eabi/14.2.1/../../../arm-none-eabi/lib/thumb/v7-m/nofp/libc_nano.a(libc_a-nano-vfprintf_i.o)
 .debug_aranges
                0x00000198       0x20 /usr/lib/gcc/arm-none-eabi/14.2.1/../../../arm-none-eabi/lib/thumb/v7-m/nofp/libc_nano.a(libc_a-msizer.o)
 .debug_aranges
                0x000001b8       0x20 /usr/lib/gcc/arm-none-eabi/14.2.1/../../../arm-none-eabi/lib/thumb/v7-m/nofp/libc_nano.a(libc_a-sbrkr.o)

.debug_line     0x00000000     0x2cfe
 .debug_line    0x00000000      0x234 /usr/lib/gcc/arm-none-eabi/14.2.1/../../../arm-none-eabi/lib/thumb/v7-m/nofp/libc_nano.a(libc_a-sprintf.o)
 .debug_line    0x00000234       0xe7 /usr/lib/gcc/arm-none-eabi/14.2.1/../../../arm-none-eabi/lib/thumb/v7-m/nofp/libc_nano.a(libc_a-impure.o)
 .debug_line    0x0000031b      0x51f /usr/lib/gcc/arm-none-eabi/14.2.1/../../../arm-none-eabi/lib/thumb/v7-m/nofp/libc_nano.a(libc_a-findfp.o)
 .debug_line    0x0000083a      0x85e /usr/lib/gcc/arm-none-eabi/14.2.1/../../../arm-none-eabi/lib/thumb/v7-m/nofp/libc_nano.a(libc_a-nano-svfprintf.o)
 .debug_line    0x00001098      0x269 /usr/lib/gcc/arm-none-eabi/14.2.1/../../../arm-none-eabi/lib/thumb/v7-m/nofp/libc_nano.a(libc_a-memmove.o)
 .debug_line    0x00001301      0x45c /usr/lib/gcc/arm-none-eabi/14.2.1/../../../arm-none-eabi/lib/thumb/v7-m/nofp/libc_nano.a(libc_a-mallocr.o)
 .debug_line    0x0000175d      0x2c8 /usr/lib/gcc/arm-none-eabi/14.2.1/../../../arm-none-eabi/lib/thumb/v7-m/nofp/libc_nano.a(libc_a-freer.o)
 .debug_line    0x00001a25      0x27b /usr/lib/gcc/arm-none-eabi/14.2.1/../../../arm-none-eabi/lib/thumb/v7-m/nofp/libc_nano.a(libc_a-reent.o)
 .debug_line    0x00001ca0      0x1fa /usr/lib/gcc/arm-none-eabi/14.2.1/../../../arm-none-eabi/lib/thumb/v7-m/nofp/libc_nano.a(libc_a-reallocr.o)
 .debug_line    0x00001e9a      0x153 /usr/lib/gcc/arm-none-eabi/14.2.1/../../../arm-none-eabi/lib/thumb/v7-m/nofp/libc_nano.a(libc_a-mlock.o)
 .debug_line    0x00001fed      0x1c6 /usr/lib/gcc/arm-none-eabi/14.2.1/../../../arm-none-eabi/lib/thumb/v7-m/nofp/libc_nano.a(libc_a-memchr-stub.o)
 .debug_line    0x000021b3       0xbd /usr/lib/gcc/arm-none-eabi/14.2.1/../../../arm-none-eabi/lib/thumb/v7-m/nofp/libc_nano.a(libc_a-memcpy.o)
 .debug_line    0x00002270      0x782 /usr/lib/gcc/arm-none-eabi/14.2.1/../../../arm-none-eabi/lib/thumb/v7-m/nofp/libc_nano.a(libc_a-nano-vfprintf_i.o)
 .debug_line    0x000029f2      0x176 /usr/lib/gcc/arm-none-eabi/14.2.1/../../../arm-none-eabi/lib/thumb/v7-m/nofp/libc_nano.a(libc_a-msizer.o)
 .debug_line    0x00002b68      0x196 /usr/lib/gcc/arm-none-eabi/14.2.1/../../../arm-none-eabi/lib/thumb/v7-m/nofp/libc_nano.a(libc_a-sbrkr.o)

.debug_str      0x00000000      0xd59
 .debug_str     0x00000000      0xd59 /usr/lib/gcc/arm-none-eabi/14.2.1/../../../arm-none-eabi/lib/thumb/v7-m/nofp/libc_nano.a(libc_a-sprintf.o)
                                0x4f3 (size before relaxing)
 .debug_str     0x00000d59        0x0 /usr/lib/gcc/arm-none-eabi/14.2.1/../../../arm-none-eabi/lib/thumb/v7-m/nofp/libc_nano.a(libc_a-impure.o)
                                0x4b4 (size before relaxing)
 .debug_str     0x00000d59        0x0 /usr/lib/gcc/arm-none-eabi/14.2.1/../../../arm-none-eabi/lib/thumb/v7-m/nofp/libc_nano.a(libc_a-findfp.o)
                                0x6b7 (size before relaxing)
 .debug_str     0x00000d59        0x0 /usr/lib/gcc/arm-none-eabi/14.2.1/../../../arm-none-eabi/lib/thumb/v7-m/nofp/libc_nano.a(libc_a-nano-svfprintf.o)
                                0x7fd (size before relaxing)
 .debug_str     0x00000d59        0x0 /usr/lib/gcc/arm-none-eabi/14.2.1/../../../arm-none-eabi/lib/thumb/v7-m/nofp/libc_nano.a(libc_a-memmove.o)
                                0x1c4 (size before relaxing)
 .debug_str     0x00000d59        0x0 /usr/lib/gcc/arm-none-eabi/14.2.1/../../../arm-none-eabi/lib/thumb/v7-m/nofp/libc_nano.a(libc_a-mallocr.o)
                                0x595 (size before relaxing)
 .debug_str     0x00000d59        0x0 /usr/lib/gcc/arm-none-eabi/14.2.1/../../../arm-none-eabi/lib/thumb/v7-m/nofp/libc_nano.a(libc_a-freer.o)
                                0x534 (size before relaxing)
 .debug_str     0x00000d59        0x0 /usr/lib/gcc/arm-none-eabi/14.2.1/../../../arm-none-eabi/lib/thumb/v7-m/nofp/libc_nano.a(libc_a-reent.o)
                                0x4d3 (size before relaxing)
 .debug_str     0x00000d59        0x0 /usr/lib/gcc/arm-none-eabi/14.2.1/../../../arm-none-eabi/lib/thumb/v7-m/nofp/libc_nano.a(libc_a-reallocr.o)
                                0x52a (size before relaxing)
 .debug_str     0x00000d59        0x0 /usr/lib/gcc/arm-none-eabi/14.2.1/../../../arm-none-eabi/lib/thumb/v7-m/nofp/libc_nano.a(libc_a-mlock.o)
                                0x4d2 (size before relaxing)
 .debug_str     0x00000d59        0x0 /usr/lib/gcc/arm-none-eabi/14.2.1/../../../arm-none-eabi/lib/thumb/v7-m/nofp/libc_nano.a(libc_a-memchr-stub.o)
                                0x1b5 (size before relaxing)
 .debug_str     0x00000d59        0x0 /usr/lib/gcc/arm-none-eabi/14.2.1/../../../arm-none-eabi/lib/thumb/v7-m/nofp/libc_nano.a(libc_a-memcpy.o)
                                 0xab (size before relaxing)
 .debug_str     0x00000d59        0x0 /usr/lib/gcc/arm-none-eabi/14.2.1/../../../arm-none-eabi/lib/thumb/v7-m/nofp/libc_nano.a(libc_a-nano-vfprintf_i.o)
                                0x793 (size before relaxing)
 .debug_str     0x00000d59        0x0 /usr/lib/gcc/arm-none-eabi/14.2.1/../../../arm-none-eabi/lib/thumb/v7-m/nofp/libc_nano.a(libc_a-msizer.o)
                                0x4fd (size before relaxing)
 .debug_str     0x00000d59        0x0 /usr/lib/gcc/arm-none-eabi/14.2.1/../../../arm-none-eabi/lib/thumb/v7-m/nofp/libc_nano.a(libc_a-sbrkr.o)
                                0x4bd (size before relaxing)

.debug_frame    0x00000000      0x498
 .debug_frame   0x00000000       0x80 /usr/lib/gcc/arm-none-eabi/14.2.1/../../../arm-none-eabi/lib/thumb/v7-m/nofp/libc_nano.a(libc_a-sprintf.o)
 .debug_frame   0x00000080       0xf4 /usr/lib/gcc/arm-none-eabi/14.2.1/../../../arm-none-eabi/lib/thumb/v7-m/nofp/libc_nano.a(libc_a-findfp.o)
 .debug_frame   0x00000174       0x98 /usr/lib/gcc/arm-none-eabi/14.2.1/../../../arm-none-eabi/lib/thumb/v7-m/nofp/libc_nano.a(libc_a-nano-svfprintf.o)
 .debug_frame   0x0000020c       0x30 /usr/lib/gcc/arm-none-eabi/14.2.1/../../../arm-none-eabi/lib/thumb/v7-m/nofp/libc_nano.a(libc_a-memmove.o)
 .debug_frame   0x0000023c       0x50 /usr/lib/gcc/arm-none-eabi/14.2.1/../../../arm-none-eabi/lib/thumb/v7-m/nofp/libc_nano.a(libc_a-mallocr.o)
 .debug_frame   0x0000028c       0x58 /usr/lib/gcc/arm-none-eabi/14.2.1/../../../arm-none-eabi/lib/thumb/v7-m/nofp/libc_nano.a(libc_a-freer.o)
 .debug_frame   0x000002e4       0x40 /usr/lib/gcc/arm-none-eabi/14.2.1/../../../arm-none-eabi/lib/thumb/v7-m/nofp/libc_nano.a(libc_a-reent.o)
 .debug_frame   0x00000324       0x38 /usr/lib/gcc/arm-none-eabi/14.2.1/../../../arm-none-eabi/lib/thumb/v7-m/nofp/libc_nano.a(libc_a-reallocr.o)
 .debug_frame   0x0000035c       0x30 /usr/lib/gcc/arm-none-eabi/14.2.1/../../../arm-none-eabi/lib/thumb/v7-m/nofp/libc_nano.a(libc_a-mlock.o)
 .debug_frame   0x0000038c       0x2c /usr/lib/gcc/arm-none-eabi/14.2.1/../../../arm-none-eabi/lib/thumb/v7-m/nofp/libc_nano.a(libc_a-memchr-stub.o)
 .debug_frame   0x000003b8       0x28 /usr/lib/gcc/arm-none-eabi/14.2.1/../../../arm-none-eabi/lib/thumb/v7-m/nofp/libc_nano.a(libc_a-memcpy.o)
 .debug_frame   0x000003e0       0x6c /usr/lib/gcc/arm-none-eabi/14.2.1/../../../arm-none-eabi/lib/thumb/v7-m/nofp/libc_nano.a(libc_a-nano-vfprintf_i.o)
 .debug_frame   0x0000044c       0x20 /usr/lib/gcc/arm-none-eabi/14.2.1/../../../arm-none-eabi/lib/thumb/v7-m/nofp/libc_nano.a(libc_a-msizer.o)
 .debug_frame   0x0000046c       0x2c /usr/lib/gcc/arm-none-eabi/14.2.1/../../../arm-none-eabi/lib/thumb/v7-m/nofp/libc_nano.a(libc_a-sbrkr.o)

.debug_rnglists
                0x00000000      0x159
 .debug_rnglists
                0x00000000       0x7a /usr/lib/gcc/arm-none-eabi/14.2.1/../../../arm-none-eabi/lib/thumb/v7-m/nofp/libc_nano.a(libc_a-findfp.o)
 .debug_rnglists
                0x0000007a       0x42 /usr/lib/gcc/arm-none-eabi/14.2.1/../../../arm-none-eabi/lib/thumb/v7-m/nofp/libc_nano.a(libc_a-nano-svfprintf.o)
 .debug_rnglists
                0x000000bc       0x1f /usr/lib/gcc/arm-none-eabi/14.2.1/../../../arm-none-eabi/lib/thumb/v7-m/nofp/libc_nano.a(libc_a-mallocr.o)
 .debug_rnglists
                0x000000db       0x13 /usr/lib/gcc/arm-none-eabi/14.2.1/../../../arm-none-eabi/lib/thumb/v7-m/nofp/libc_nano.a(libc_a-freer.o)
 .debug_rnglists
                0x000000ee       0x6b /usr/lib/gcc/arm-none-eabi/14.2.1/../../../arm-none-eabi/lib/thumb/v7-m/nofp/libc_nano.a(libc_a-nano-vfprintf_i.o)

.debug_line_str
                0x00000000       0x95
 .debug_line_str
                0x00000000       0x95 /usr/lib/gcc/arm-none-eabi/14.2.1/../../../arm-none-eabi/lib/thumb/v7-m/nofp/libc_nano.a(libc_a-memcpy.o)

Cross Reference Table

Symbol                                            File
DMA1_Send_Buffer                                  build/main.o
Reset_Handler                                     build/startup_stm32f103xb.o
SysTick_Handler                                   build/stm32f1xx_it.o
                                                  build/startup_stm32f103xb.o
SystemInit                                        build/system_stm32f1xx.o
                                                  build/startup_stm32f103xb.o
System_Init                                       build/main.o
_ITM_deregisterTMCloneTable                       /usr/lib/gcc/arm-none-eabi/14.2.1/thumb/v7-m/nofp/crtbegin.o
_ITM_registerTMCloneTable                         /usr/lib/gcc/arm-none-eabi/14.2.1/thumb/v7-m/nofp/crtbegin.o
__TMC_END__                                       /usr/lib/gcc/arm-none-eabi/14.2.1/thumb/v7-m/nofp/crtend.o
                                                  /usr/lib/gcc/arm-none-eabi/14.2.1/thumb/v7-m/nofp/crtbegin.o
__atexit                                          /usr/lib/gcc/arm-none-eabi/14.2.1/../../../arm-none-eabi/lib/thumb/v7-m/nofp/libc_nano.a(libc_a-__call_atexit.o)
                                                  /usr/lib/gcc/arm-none-eabi/14.2.1/../../../arm-none-eabi/lib/thumb/v7-m/nofp/libc_nano.a(libc_a-__atexit.o)
__atexit0                                         /usr/lib/gcc/arm-none-eabi/14.2.1/../../../arm-none-eabi/lib/thumb/v7-m/nofp/libc_nano.a(libc_a-__atexit.o)
__atexit_dummy                                    /usr/lib/gcc/arm-none-eabi/14.2.1/../../../arm-none-eabi/lib/thumb/v7-m/nofp/libc_nano.a(libc_a-__atexit.o)
__bss_end__                                       /usr/lib/gcc/arm-none-eabi/14.2.1/../../../arm-none-eabi/lib/thumb/v7-m/nofp/crt0.o
__bss_start__                                     /usr/lib/gcc/arm-none-eabi/14.2.1/../../../arm-none-eabi/lib/thumb/v7-m/nofp/crt0.o
__call_exitprocs                                  /usr/lib/gcc/arm-none-eabi/14.2.1/../../../arm-none-eabi/lib/thumb/v7-m/nofp/libc_nano.a(libc_a-__call_atexit.o)
                                                  /usr/lib/gcc/arm-none-eabi/14.2.1/../../../arm-none-eabi/lib/thumb/v7-m/nofp/libc_nano.a(libc_a-__atexit.o)
                                                  /usr/lib/gcc/arm-none-eabi/14.2.1/../../../arm-none-eabi/lib/thumb/v7-m/nofp/libc_nano.a(libc_a-exit.o)
__deregister_frame_info                           /usr/lib/gcc/arm-none-eabi/14.2.1/thumb/v7-m/nofp/crtbegin.o
__dso_handle                                      /usr/lib/gcc/arm-none-eabi/14.2.1/thumb/v7-m/nofp/crtbegin.o
__fini_array_end                                  /usr/lib/gcc/arm-none-eabi/14.2.1/../../../arm-none-eabi/lib/thumb/v7-m/nofp/libc_nano.a(libc_a-fini.o)
__fini_array_start                                /usr/lib/gcc/arm-none-eabi/14.2.1/../../../arm-none-eabi/lib/thumb/v7-m/nofp/libc_nano.a(libc_a-fini.o)
__fp_lock_all                                     /usr/lib/gcc/arm-none-eabi/14.2.1/../../../arm-none-eabi/lib/thumb/v7-m/nofp/libc_nano.a(libc_a-findfp.o)
__fp_unlock_all                                   /usr/lib/gcc/arm-none-eabi/14.2.1/../../../arm-none-eabi/lib/thumb/v7-m/nofp/libc_nano.a(libc_a-findfp.o)
__init_array_end                                  /usr/lib/gcc/arm-none-eabi/14.2.1/../../../arm-none-eabi/lib/thumb/v7-m/nofp/libc_nano.a(libc_a-init.o)
__init_array_start                                /usr/lib/gcc/arm-none-eabi/14.2.1/../../../arm-none-eabi/lib/thumb/v7-m/nofp/libc_nano.a(libc_a-init.o)
__libc_fini_array                                 /usr/lib/gcc/arm-none-eabi/14.2.1/../../../arm-none-eabi/lib/thumb/v7-m/nofp/libc_nano.a(libc_a-fini.o)
                                                  /usr/lib/gcc/arm-none-eabi/14.2.1/../../../arm-none-eabi/lib/thumb/v7-m/nofp/crt0.o
__libc_init_array                                 /usr/lib/gcc/arm-none-eabi/14.2.1/../../../arm-none-eabi/lib/thumb/v7-m/nofp/libc_nano.a(libc_a-init.o)
                                                  /usr/lib/gcc/arm-none-eabi/14.2.1/../../../arm-none-eabi/lib/thumb/v7-m/nofp/crt0.o
__malloc_free_list                                /usr/lib/gcc/arm-none-eabi/14.2.1/../../../arm-none-eabi/lib/thumb/v7-m/nofp/libc_nano.a(libc_a-mallocr.o)
                                                  /usr/lib/gcc/arm-none-eabi/14.2.1/../../../arm-none-eabi/lib/thumb/v7-m/nofp/libc_nano.a(libc_a-freer.o)
__malloc_lock                                     /usr/lib/gcc/arm-none-eabi/14.2.1/../../../arm-none-eabi/lib/thumb/v7-m/nofp/libc_nano.a(libc_a-mlock.o)
                                                  /usr/lib/gcc/arm-none-eabi/14.2.1/../../../arm-none-eabi/lib/thumb/v7-m/nofp/libc_nano.a(libc_a-freer.o)
                                                  /usr/lib/gcc/arm-none-eabi/14.2.1/../../../arm-none-eabi/lib/thumb/v7-m/nofp/libc_nano.a(libc_a-mallocr.o)
__malloc_sbrk_start                               /usr/lib/gcc/arm-none-eabi/14.2.1/../../../arm-none-eabi/lib/thumb/v7-m/nofp/libc_nano.a(libc_a-mallocr.o)
__malloc_unlock                                   /usr/lib/gcc/arm-none-eabi/14.2.1/../../../arm-none-eabi/lib/thumb/v7-m/nofp/libc_nano.a(libc_a-mlock.o)
                                                  /usr/lib/gcc/arm-none-eabi/14.2.1/../../../arm-none-eabi/lib/thumb/v7-m/nofp/libc_nano.a(libc_a-freer.o)
                                                  /usr/lib/gcc/arm-none-eabi/14.2.1/../../../arm-none-eabi/lib/thumb/v7-m/nofp/libc_nano.a(libc_a-mallocr.o)
__on_exit_args                                    /usr/lib/gcc/arm-none-eabi/14.2.1/../../../arm-none-eabi/lib/thumb/v7-m/nofp/libc_nano.a(libc_a-__atexit.o)
__preinit_array_end                               /usr/lib/gcc/arm-none-eabi/14.2.1/../../../arm-none-eabi/lib/thumb/v7-m/nofp/libc_nano.a(libc_a-init.o)
__preinit_array_start                             /usr/lib/gcc/arm-none-eabi/14.2.1/../../../arm-none-eabi/lib/thumb/v7-m/nofp/libc_nano.a(libc_a-init.o)
__register_exitproc                               /usr/lib/gcc/arm-none-eabi/14.2.1/../../../arm-none-eabi/lib/thumb/v7-m/nofp/libc_nano.a(libc_a-__atexit.o)
                                                  /usr/lib/gcc/arm-none-eabi/14.2.1/../../../arm-none-eabi/lib/thumb/v7-m/nofp/libc_nano.a(libc_a-atexit.o)
__register_frame_info                             /usr/lib/gcc/arm-none-eabi/14.2.1/thumb/v7-m/nofp/crtbegin.o
__sclose                                          /usr/lib/gcc/arm-none-eabi/14.2.1/../../../arm-none-eabi/lib/thumb/v7-m/nofp/libc_nano.a(libc_a-stdio.o)
                                                  /usr/lib/gcc/arm-none-eabi/14.2.1/../../../arm-none-eabi/lib/thumb/v7-m/nofp/libc_nano.a(libc_a-findfp.o)
__seofread                                        /usr/lib/gcc/arm-none-eabi/14.2.1/../../../arm-none-eabi/lib/thumb/v7-m/nofp/libc_nano.a(libc_a-stdio.o)
__sf                                              /usr/lib/gcc/arm-none-eabi/14.2.1/../../../arm-none-eabi/lib/thumb/v7-m/nofp/libc_nano.a(libc_a-findfp.o)
                                                  /usr/lib/gcc/arm-none-eabi/14.2.1/../../../arm-none-eabi/lib/thumb/v7-m/nofp/libc_nano.a(libc_a-impure.o)
__sflush_r                                        /usr/lib/gcc/arm-none-eabi/14.2.1/../../../arm-none-eabi/lib/thumb/v7-m/nofp/libc_nano.a(libc_a-fflush.o)
__sfp                                             /usr/lib/gcc/arm-none-eabi/14.2.1/../../../arm-none-eabi/lib/thumb/v7-m/nofp/libc_nano.a(libc_a-findfp.o)
__sfp_lock_acquire                                /usr/lib/gcc/arm-none-eabi/14.2.1/../../../arm-none-eabi/lib/thumb/v7-m/nofp/libc_nano.a(libc_a-findfp.o)
__sfp_lock_release                                /usr/lib/gcc/arm-none-eabi/14.2.1/../../../arm-none-eabi/lib/thumb/v7-m/nofp/libc_nano.a(libc_a-findfp.o)
__sglue                                           /usr/lib/gcc/arm-none-eabi/14.2.1/../../../arm-none-eabi/lib/thumb/v7-m/nofp/libc_nano.a(libc_a-findfp.o)
                                                  /usr/lib/gcc/arm-none-eabi/14.2.1/../../../arm-none-eabi/lib/thumb/v7-m/nofp/libc_nano.a(libc_a-fflush.o)
__sinit                                           /usr/lib/gcc/arm-none-eabi/14.2.1/../../../arm-none-eabi/lib/thumb/v7-m/nofp/libc_nano.a(libc_a-findfp.o)
                                                  /usr/lib/gcc/arm-none-eabi/14.2.1/../../../arm-none-eabi/lib/thumb/v7-m/nofp/libc_nano.a(libc_a-fflush.o)
__sread                                           /usr/lib/gcc/arm-none-eabi/14.2.1/../../../arm-none-eabi/lib/thumb/v7-m/nofp/libc_nano.a(libc_a-stdio.o)
                                                  /usr/lib/gcc/arm-none-eabi/14.2.1/../../../arm-none-eabi/lib/thumb/v7-m/nofp/libc_nano.a(libc_a-findfp.o)
__sseek                                           /usr/lib/gcc/arm-none-eabi/14.2.1/../../../arm-none-eabi/lib/thumb/v7-m/nofp/libc_nano.a(libc_a-stdio.o)
                                                  /usr/lib/gcc/arm-none-eabi/14.2.1/../../../arm-none-eabi/lib/thumb/v7-m/nofp/libc_nano.a(libc_a-findfp.o)
__ssprint_r                                       /usr/lib/gcc/arm-none-eabi/14.2.1/../../../arm-none-eabi/lib/thumb/v7-m/nofp/libc_nano.a(libc_a-nano-svfprintf.o)
__ssputs_r                                        /usr/lib/gcc/arm-none-eabi/14.2.1/../../../arm-none-eabi/lib/thumb/v7-m/nofp/libc_nano.a(libc_a-nano-svfprintf.o)
__stack                                           /usr/lib/gcc/arm-none-eabi/14.2.1/../../../arm-none-eabi/lib/thumb/v7-m/nofp/crt0.o
__stdio_exit_handler                              /usr/lib/gcc/arm-none-eabi/14.2.1/../../../arm-none-eabi/lib/thumb/v7-m/nofp/libc_nano.a(libc_a-findfp.o)
                                                  /usr/lib/gcc/arm-none-eabi/14.2.1/../../../arm-none-eabi/lib/thumb/v7-m/nofp/libc_nano.a(libc_a-exit.o)
__swrite                                          /usr/lib/gcc/arm-none-eabi/14.2.1/../../../arm-none-eabi/lib/thumb/v7-m/nofp/libc_nano.a(libc_a-stdio.o)
                                                  /usr/lib/gcc/arm-none-eabi/14.2.1/../../../arm-none-eabi/lib/thumb/v7-m/nofp/libc_nano.a(libc_a-findfp.o)
_close                                            /usr/lib/gcc/arm-none-eabi/14.2.1/../../../arm-none-eabi/lib/thumb/v7-m/nofp/libnosys.a(close.o)
                                                  /usr/lib/gcc/arm-none-eabi/14.2.1/../../../arm-none-eabi/lib/thumb/v7-m/nofp/libc_nano.a(libc_a-closer.o)
_close_r                                          /usr/lib/gcc/arm-none-eabi/14.2.1/../../../arm-none-eabi/lib/thumb/v7-m/nofp/libc_nano.a(libc_a-closer.o)
                                                  /usr/lib/gcc/arm-none-eabi/14.2.1/../../../arm-none-eabi/lib/thumb/v7-m/nofp/libc_nano.a(libc_a-stdio.o)
_ebss                                             build/startup_stm32f103xb.o
_edata                                            build/startup_stm32f103xb.o
_end                                              build/system_stm32f1xx.o
_estack                                           build/startup_stm32f103xb.o
_exit                                             /usr/lib/gcc/arm-none-eabi/14.2.1/../../../arm-none-eabi/lib/thumb/v7-m/nofp/libnosys.a(_exit.o)
                                                  /usr/lib/gcc/arm-none-eabi/14.2.1/../../../arm-none-eabi/lib/thumb/v7-m/nofp/libc_nano.a(libc_a-exit.o)
_fflush_r                                         /usr/lib/gcc/arm-none-eabi/14.2.1/../../../arm-none-eabi/lib/thumb/v7-m/nofp/libc_nano.a(libc_a-fflush.o)
                                                  /usr/lib/gcc/arm-none-eabi/14.2.1/../../../arm-none-eabi/lib/thumb/v7-m/nofp/libc_nano.a(libc_a-findfp.o)
_fini                                             /usr/lib/gcc/arm-none-eabi/14.2.1/thumb/v7-m/nofp/crti.o
                                                  /usr/lib/gcc/arm-none-eabi/14.2.1/../../../arm-none-eabi/lib/thumb/v7-m/nofp/libc_nano.a(libc_a-fini.o)
_free_r                                           /usr/lib/gcc/arm-none-eabi/14.2.1/../../../arm-none-eabi/lib/thumb/v7-m/nofp/libc_nano.a(libc_a-freer.o)
                                                  /usr/lib/gcc/arm-none-eabi/14.2.1/../../../arm-none-eabi/lib/thumb/v7-m/nofp/libc_nano.a(libc_a-reallocr.o)
                                                  /usr/lib/gcc/arm-none-eabi/14.2.1/../../../arm-none-eabi/lib/thumb/v7-m/nofp/libc_nano.a(libc_a-reent.o)
                                                  /usr/lib/gcc/arm-none-eabi/14.2.1/../../../arm-none-eabi/lib/thumb/v7-m/nofp/libc_nano.a(libc_a-nano-svfprintf.o)
                                                  /usr/lib/gcc/arm-none-eabi/14.2.1/../../../arm-none-eabi/lib/thumb/v7-m/nofp/libc_nano.a(libc_a-fflush.o)
_fwalk_sglue                                      /usr/lib/gcc/arm-none-eabi/14.2.1/../../../arm-none-eabi/lib/thumb/v7-m/nofp/libc_nano.a(libc_a-fwalk.o)
                                                  /usr/lib/gcc/arm-none-eabi/14.2.1/../../../arm-none-eabi/lib/thumb/v7-m/nofp/libc_nano.a(libc_a-fflush.o)
                                                  /usr/lib/gcc/arm-none-eabi/14.2.1/../../../arm-none-eabi/lib/thumb/v7-m/nofp/libc_nano.a(libc_a-findfp.o)
_impure_data                                      /usr/lib/gcc/arm-none-eabi/14.2.1/../../../arm-none-eabi/lib/thumb/v7-m/nofp/libc_nano.a(libc_a-impure.o)
                                                  /usr/lib/gcc/arm-none-eabi/14.2.1/../../../arm-none-eabi/lib/thumb/v7-m/nofp/libc_nano.a(libc_a-fflush.o)
                                                  /usr/lib/gcc/arm-none-eabi/14.2.1/../../../arm-none-eabi/lib/thumb/v7-m/nofp/libc_nano.a(libc_a-findfp.o)
_impure_ptr                                       /usr/lib/gcc/arm-none-eabi/14.2.1/../../../arm-none-eabi/lib/thumb/v7-m/nofp/libc_nano.a(libc_a-impure.o)
                                                  /usr/lib/gcc/arm-none-eabi/14.2.1/../../../arm-none-eabi/lib/thumb/v7-m/nofp/libc_nano.a(libc_a-reent.o)
                                                  /usr/lib/gcc/arm-none-eabi/14.2.1/../../../arm-none-eabi/lib/thumb/v7-m/nofp/libc_nano.a(libc_a-fflush.o)
                                                  /usr/lib/gcc/arm-none-eabi/14.2.1/../../../arm-none-eabi/lib/thumb/v7-m/nofp/libc_nano.a(libc_a-sprintf.o)
_init                                             /usr/lib/gcc/arm-none-eabi/14.2.1/thumb/v7-m/nofp/crti.o
                                                  /usr/lib/gcc/arm-none-eabi/14.2.1/../../../arm-none-eabi/lib/thumb/v7-m/nofp/libc_nano.a(libc_a-init.o)
_lseek                                            /usr/lib/gcc/arm-none-eabi/14.2.1/../../../arm-none-eabi/lib/thumb/v7-m/nofp/libnosys.a(lseek.o)
                                                  /usr/lib/gcc/arm-none-eabi/14.2.1/../../../arm-none-eabi/lib/thumb/v7-m/nofp/libc_nano.a(libc_a-lseekr.o)
_lseek_r                                          /usr/lib/gcc/arm-none-eabi/14.2.1/../../../arm-none-eabi/lib/thumb/v7-m/nofp/libc_nano.a(libc_a-lseekr.o)
                                                  /usr/lib/gcc/arm-none-eabi/14.2.1/../../../arm-none-eabi/lib/thumb/v7-m/nofp/libc_nano.a(libc_a-stdio.o)
_mainCRTStartup                                   /usr/lib/gcc/arm-none-eabi/14.2.1/../../../arm-none-eabi/lib/thumb/v7-m/nofp/crt0.o
_malloc_r                                         /usr/lib/gcc/arm-none-eabi/14.2.1/../../../arm-none-eabi/lib/thumb/v7-m/nofp/libc_nano.a(libc_a-mallocr.o)
                                                  /usr/lib/gcc/arm-none-eabi/14.2.1/../../../arm-none-eabi/lib/thumb/v7-m/nofp/libc_nano.a(libc_a-reallocr.o)
                                                  /usr/lib/gcc/arm-none-eabi/14.2.1/../../../arm-none-eabi/lib/thumb/v7-m/nofp/libc_nano.a(libc_a-nano-svfprintf.o)
                                                  /usr/lib/gcc/arm-none-eabi/14.2.1/../../../arm-none-eabi/lib/thumb/v7-m/nofp/libc_nano.a(libc_a-findfp.o)
_malloc_usable_size_r                             /usr/lib/gcc/arm-none-eabi/14.2.1/../../../arm-none-eabi/lib/thumb/v7-m/nofp/libc_nano.a(libc_a-msizer.o)
                                                  /usr/lib/gcc/arm-none-eabi/14.2.1/../../../arm-none-eabi/lib/thumb/v7-m/nofp/libc_nano.a(libc_a-reallocr.o)
_printf_common                                    /usr/lib/gcc/arm-none-eabi/14.2.1/../../../arm-none-eabi/lib/thumb/v7-m/nofp/libc_nano.a(libc_a-nano-vfprintf_i.o)
_printf_float                                     /usr/lib/gcc/arm-none-eabi/14.2.1/../../../arm-none-eabi/lib/thumb/v7-m/nofp/libc_nano.a(libc_a-nano-svfprintf.o)
_printf_i                                         /usr/lib/gcc/arm-none-eabi/14.2.1/../../../arm-none-eabi/lib/thumb/v7-m/nofp/libc_nano.a(libc_a-nano-vfprintf_i.o)
                                                  /usr/lib/gcc/arm-none-eabi/14.2.1/../../../arm-none-eabi/lib/thumb/v7-m/nofp/libc_nano.a(libc_a-nano-svfprintf.o)
_read                                             /usr/lib/gcc/arm-none-eabi/14.2.1/../../../arm-none-eabi/lib/thumb/v7-m/nofp/libnosys.a(read.o)
                                                  /usr/lib/gcc/arm-none-eabi/14.2.1/../../../arm-none-eabi/lib/thumb/v7-m/nofp/libc_nano.a(libc_a-readr.o)
_read_r                                           /usr/lib/gcc/arm-none-eabi/14.2.1/../../../arm-none-eabi/lib/thumb/v7-m/nofp/libc_nano.a(libc_a-readr.o)
                                                  /usr/lib/gcc/arm-none-eabi/14.2.1/../../../arm-none-eabi/lib/thumb/v7-m/nofp/libc_nano.a(libc_a-stdio.o)
_realloc_r                                        /usr/lib/gcc/arm-none-eabi/14.2.1/../../../arm-none-eabi/lib/thumb/v7-m/nofp/libc_nano.a(libc_a-reallocr.o)
                                                  /usr/lib/gcc/arm-none-eabi/14.2.1/../../../arm-none-eabi/lib/thumb/v7-m/nofp/libc_nano.a(libc_a-nano-svfprintf.o)
_reclaim_reent                                    /usr/lib/gcc/arm-none-eabi/14.2.1/../../../arm-none-eabi/lib/thumb/v7-m/nofp/libc_nano.a(libc_a-reent.o)
_sbrk                                             build/system_stm32f1xx.o
                                                  /usr/lib/gcc/arm-none-eabi/14.2.1/../../../arm-none-eabi/lib/thumb/v7-m/nofp/libc_nano.a(libc_a-sbrkr.o)
_sbrk_r                                           /usr/lib/gcc/arm-none-eabi/14.2.1/../../../arm-none-eabi/lib/thumb/v7-m/nofp/libc_nano.a(libc_a-sbrkr.o)
                                                  /usr/lib/gcc/arm-none-eabi/14.2.1/../../../arm-none-eabi/lib/thumb/v7-m/nofp/libc_nano.a(libc_a-mallocr.o)
_sbss                                             build/startup_stm32f103xb.o
_sdata                                            build/startup_stm32f103xb.o
_sidata                                           build/startup_stm32f103xb.o
_siprintf_r                                       /usr/lib/gcc/arm-none-eabi/14.2.1/../../../arm-none-eabi/lib/thumb/v7-m/nofp/libc_nano.a(libc_a-sprintf.o)
_sprintf_r                                        /usr/lib/gcc/arm-none-eabi/14.2.1/../../../arm-none-eabi/lib/thumb/v7-m/nofp/libc_nano.a(libc_a-sprintf.o)
_stack_init                                       /usr/lib/gcc/arm-none-eabi/14.2.1/../../../arm-none-eabi/lib/thumb/v7-m/nofp/crt0.o
_start                                            /usr/lib/gcc/arm-none-eabi/14.2.1/../../../arm-none-eabi/lib/thumb/v7-m/nofp/crt0.o
_svfiprintf_r                                     /usr/lib/gcc/arm-none-eabi/14.2.1/../../../arm-none-eabi/lib/thumb/v7-m/nofp/libc_nano.a(libc_a-nano-svfprintf.o)
_svfprintf_r                                      /usr/lib/gcc/arm-none-eabi/14.2.1/../../../arm-none-eabi/lib/thumb/v7-m/nofp/libc_nano.a(libc_a-nano-svfprintf.o)
                                                  /usr/lib/gcc/arm-none-eabi/14.2.1/../../../arm-none-eabi/lib/thumb/v7-m/nofp/libc_nano.a(libc_a-sprintf.o)
_write                                            /usr/lib/gcc/arm-none-eabi/14.2.1/../../../arm-none-eabi/lib/thumb/v7-m/nofp/libnosys.a(write.o)
                                                  /usr/lib/gcc/arm-none-eabi/14.2.1/../../../arm-none-eabi/lib/thumb/v7-m/nofp/libc_nano.a(libc_a-writer.o)
_write_r                                          /usr/lib/gcc/arm-none-eabi/14.2.1/../../../arm-none-eabi/lib/thumb/v7-m/nofp/libc_nano.a(libc_a-writer.o)
                                                  /usr/lib/gcc/arm-none-eabi/14.2.1/../../../arm-none-eabi/lib/thumb/v7-m/nofp/libc_nano.a(libc_a-stdio.o)
atexit                                            /usr/lib/gcc/arm-none-eabi/14.2.1/../../../arm-none-eabi/lib/thumb/v7-m/nofp/libc_nano.a(libc_a-atexit.o)
                                                  /usr/lib/gcc/arm-none-eabi/14.2.1/../../../arm-none-eabi/lib/thumb/v7-m/nofp/crt0.o
delay_ms                                          build/main.o
errno                                             /usr/lib/gcc/arm-none-eabi/14.2.1/../../../arm-none-eabi/lib/thumb/v7-m/nofp/libc_nano.a(libc_a-reent.o)
                                                  /usr/lib/gcc/arm-none-eabi/14.2.1/../../../arm-none-eabi/lib/thumb/v7-m/nofp/libnosys.a(write.o)
                                                  /usr/lib/gcc/arm-none-eabi/14.2.1/../../../arm-none-eabi/lib/thumb/v7-m/nofp/libnosys.a(read.o)
                                                  /usr/lib/gcc/arm-none-eabi/14.2.1/../../../arm-none-eabi/lib/thumb/v7-m/nofp/libnosys.a(lseek.o)
                                                  /usr/lib/gcc/arm-none-eabi/14.2.1/../../../arm-none-eabi/lib/thumb/v7-m/nofp/libnosys.a(close.o)
                                                  /usr/lib/gcc/arm-none-eabi/14.2.1/../../../arm-none-eabi/lib/thumb/v7-m/nofp/libc_nano.a(libc_a-sbrkr.o)
                                                  /usr/lib/gcc/arm-none-eabi/14.2.1/../../../arm-none-eabi/lib/thumb/v7-m/nofp/libc_nano.a(libc_a-writer.o)
                                                  /usr/lib/gcc/arm-none-eabi/14.2.1/../../../arm-none-eabi/lib/thumb/v7-m/nofp/libc_nano.a(libc_a-lseekr.o)
                                                  /usr/lib/gcc/arm-none-eabi/14.2.1/../../../arm-none-eabi/lib/thumb/v7-m/nofp/libc_nano.a(libc_a-closer.o)
                                                  /usr/lib/gcc/arm-none-eabi/14.2.1/../../../arm-none-eabi/lib/thumb/v7-m/nofp/libc_nano.a(libc_a-readr.o)
exit                                              /usr/lib/gcc/arm-none-eabi/14.2.1/../../../arm-none-eabi/lib/thumb/v7-m/nofp/libc_nano.a(libc_a-exit.o)
                                                  /usr/lib/gcc/arm-none-eabi/14.2.1/../../../arm-none-eabi/lib/thumb/v7-m/nofp/crt0.o
fflush                                            /usr/lib/gcc/arm-none-eabi/14.2.1/../../../arm-none-eabi/lib/thumb/v7-m/nofp/libc_nano.a(libc_a-fflush.o)
g_pfnVectors                                      build/startup_stm32f103xb.o
hardware_init_hook                                /usr/lib/gcc/arm-none-eabi/14.2.1/../../../arm-none-eabi/lib/thumb/v7-m/nofp/crt0.o
main                                              build/main.o
                                                  build/startup_stm32f103xb.o
                                                  /usr/lib/gcc/arm-none-eabi/14.2.1/../../../arm-none-eabi/lib/thumb/v7-m/nofp/crt0.o
malloc                                            /usr/lib/gcc/arm-none-eabi/14.2.1/../../../arm-none-eabi/lib/thumb/v7-m/nofp/libc_nano.a(libc_a-__atexit.o)
memchr                                            /usr/lib/gcc/arm-none-eabi/14.2.1/../../../arm-none-eabi/lib/thumb/v7-m/nofp/libc_nano.a(libc_a-memchr-stub.o)
                                                  /usr/lib/gcc/arm-none-eabi/14.2.1/../../../arm-none-eabi/lib/thumb/v7-m/nofp/libc_nano.a(libc_a-nano-vfprintf_i.o)
                                                  /usr/lib/gcc/arm-none-eabi/14.2.1/../../../arm-none-eabi/lib/thumb/v7-m/nofp/libc_nano.a(libc_a-nano-svfprintf.o)
memcpy                                            /usr/lib/gcc/arm-none-eabi/14.2.1/../../../arm-none-eabi/lib/thumb/v7-m/nofp/libc_nano.a(libc_a-memcpy.o)
                                                  /usr/lib/gcc/arm-none-eabi/14.2.1/../../../arm-none-eabi/lib/thumb/v7-m/nofp/libc_nano.a(libc_a-reallocr.o)
                                                  /usr/lib/gcc/arm-none-eabi/14.2.1/../../../arm-none-eabi/lib/thumb/v7-m/nofp/libc_nano.a(libc_a-nano-svfprintf.o)
memmove                                           /usr/lib/gcc/arm-none-eabi/14.2.1/../../../arm-none-eabi/lib/thumb/v7-m/nofp/libc_nano.a(libc_a-memmove.o)
                                                  /usr/lib/gcc/arm-none-eabi/14.2.1/../../../arm-none-eabi/lib/thumb/v7-m/nofp/libc_nano.a(libc_a-nano-svfprintf.o)
memset                                            /usr/lib/gcc/arm-none-eabi/14.2.1/../../../arm-none-eabi/lib/thumb/v7-m/nofp/libc_nano.a(libc_a-memset.o)
                                                  /usr/lib/gcc/arm-none-eabi/14.2.1/../../../arm-none-eabi/lib/thumb/v7-m/nofp/libc_nano.a(libc_a-findfp.o)
                                                  /usr/lib/gcc/arm-none-eabi/14.2.1/../../../arm-none-eabi/lib/thumb/v7-m/nofp/crt0.o
siprintf                                          /usr/lib/gcc/arm-none-eabi/14.2.1/../../../arm-none-eabi/lib/thumb/v7-m/nofp/libc_nano.a(libc_a-sprintf.o)
software_init_hook                                /usr/lib/gcc/arm-none-eabi/14.2.1/../../../arm-none-eabi/lib/thumb/v7-m/nofp/crt0.o
sprintf                                           /usr/lib/gcc/arm-none-eabi/14.2.1/../../../arm-none-eabi/lib/thumb/v7-m/nofp/libc_nano.a(libc_a-sprintf.o)
                                                  build/main.o
tx_buffer                                         build/main.o
